<div dir="ltr"><br><br><div class="gmail_quote"><br><br><u></u>        <div style="line-height:inherit;margin:0;padding:0;background-color:#ffffff"><span style="color:transparent;display:none;opacity:0;height:0;width:0;font-size:0">Through this weekend only!</span><img src="https://links.iherb.com/e/eo?_t=d4fb2f710e7148728863a4b7dcf38045&amp;_m=7a97c0cbd6f04277bd4aed5685285b0b&amp;_e=F67BGIk-emnBljVIqzVsJtzF3vGBvcCSNTwzR896Cm9UgcXK3pZFTEldz_OqKLxSvEbHmWfHiSBdVDuOBK3v2ND1H3BHsHyLcBqhH7oHSduguXlJW57Bge0vdtS8FRJJhg7XRl-tti5WF4IoXxQKzbNrg0KtMCTsiouMJYuERNECbcHjmH6VXfOW5OwByHa7" style="border:0;width:1px;height:1px;border-width:0px!important;display:none!important;line-height:0!important" width="1" height="1"> <table bgcolor="#ffffff" cellpadding="0" cellspacing="0" style="line-height:inherit;table-layout:fixed;vertical-align:top;min-width:320px;Margin:0 auto;border-spacing:0;border-collapse:collapse;background-color:#ffffff;width:100%" valign="top" width="100%"> <tbody style="line-height:inherit"> <tr style="line-height:inherit;border-collapse:collapse;vertical-align:top" valign="top"> <td style="line-height:inherit;border-collapse:collapse;word-break:break-word;vertical-align:top" valign="top"> <div style="line-height:inherit;background-color:transparent"> <div class="m_2762259359728655198block-grid" style="line-height:inherit;Margin:0 auto;min-width:320px;max-width:500px;word-wrap:break-word;word-break:break-word;background-color:#ffffff"> <div style="line-height:inherit;border-collapse:collapse;display:table;width:100%;background-color:#ffffff"> <div class="m_2762259359728655198col" style="line-height:inherit;min-width:320px;max-width:500px;display:table-cell;vertical-align:top;width:500px"> <div style="line-height:inherit;width:100%!important"> <div style="line-height:inherit;border-top:0px dotted transparent;border-left:0px dotted transparent;border-bottom:0px dotted transparent;border-right:0px dotted transparent;padding-top:5px;padding-bottom:5px;padding-right:0px;padding-left:0px"> <div align="left" style="line-height:inherit;padding-right:0px;padding-left:10px"><a style="line-height:inherit;outline:none" href="https://links.iherb.com/u/click?_t=d4fb2f710e7148728863a4b7dcf38045&amp;_m=7a97c0cbd6f04277bd4aed5685285b0b&amp;_e=Wd0JIEh3DexJBcJZiFQctdE3edpdIdQqlMOdObUNLIVG7E76skGPFAX601-TOf-RaLPic37X-B-EwfuP-w8RBAuhmsqWOVuFKuFN7Cfe4VeRnDQQCjXyZJ3BHzRQziGu0WNrDH1_FO1aAlIalJN9kdP2VKTbISO2jcvAcM44ow2VjClzlw_KzozuXheT2cbMvPK_uzownGh-PQLH12Pl4UV6kW3VUz43H7n5SEpHkIArV9MPanH0YI52MUWSdNqEfhx4wxgZbmMBO31vfwYVkEvHDiHICLIzis5q0kzhknFcux7gvMfmbyapHSQaeP5SAYadT3aTzAM_UfyxsDQ6J8Oc0gPQc_xK6vI-ZKht8io%3D" target="_blank"><img alt="iHerb" border="0" style="line-height:inherit;text-decoration:none;height:auto;border:none;width:100%;max-width:100px;display:block" title="iHerb" width="364" height="128" src="https://static.iterable.com/d4fb2f710e7148728863a4b7dcf38045/20-09-03-iHerb_Hero_Green.png"></a> </div> </div> </div> </div> </div> </div> </div> <div style="line-height:inherit;background-color:transparent"> <div class="m_2762259359728655198block-grid" style="line-height:inherit;Margin:0 auto;min-width:320px;max-width:500px;word-wrap:break-word;word-break:break-word;background-color:#ffffff"> <div style="line-height:inherit;border-collapse:collapse;display:table;width:100%;background-color:#ffffff"> <div class="m_2762259359728655198col" style="line-height:inherit;min-width:320px;max-width:500px;display:table-cell;vertical-align:top;width:500px"> <div style="line-height:inherit;width:100%!important"> <div style="line-height:inherit;border-top:0px solid transparent;border-left:0px solid transparent;border-bottom:0px solid transparent;border-right:0px solid transparent;padding-top:5px;padding-bottom:5px;padding-right:0px;padding-left:0px"> <table border="0" cellpadding="0" cellspacing="0" style="line-height:inherit;table-layout:fixed;vertical-align:top;border-spacing:0;border-collapse:collapse;min-width:100%" valign="top" width="100%"> <tbody style="line-height:inherit"> <tr style="line-height:inherit;border-collapse:collapse;vertical-align:top" valign="top"> <td style="line-height:inherit;border-collapse:collapse;word-break:break-word;vertical-align:top;min-width:100%;padding-top:0px;padding-right:0px;padding-bottom:10px;padding-left:0px" valign="top"> <table align="center" border="0" cellpadding="0" cellspacing="0" height="0" style="line-height:inherit;table-layout:fixed;vertical-align:top;border-spacing:0;border-collapse:collapse;border-top:1px solid #bbbbbb;height:0px;width:100%" valign="top" width="100%"> <tbody style="line-height:inherit"> <tr style="line-height:inherit;border-collapse:collapse;vertical-align:top" valign="top"> <td height="0" style="line-height:inherit;border-collapse:collapse;word-break:break-word;vertical-align:top" valign="top"></td> </tr> </tbody> </table> </td> </tr> </tbody> </table>  <div style="color:#000000;font-family:Arial,&#39;Helvetica Neue&#39;,Helvetica,sans-serif;line-height:1.5;padding-top:10px;padding-right:10px;padding-bottom:10px;padding-left:10px"> <div style="font-size:14px;line-height:1.5;font-family:Arial,&#39;Helvetica Neue&#39;,Helvetica,sans-serif;color:#000000"> <div style="line-height:inherit;text-align:center"><a href="https://links.iherb.com/u/click?_t=d4fb2f710e7148728863a4b7dcf38045&amp;_m=7a97c0cbd6f04277bd4aed5685285b0b&amp;_e=Wd0JIEh3DexJBcJZiFQctbfWJqzAbSrsO_XIS6JjLuUgPMIMr0y_X3gMRzN5UM-btYACswinLFE2K8DzejrwJpupHA_n3PrHBOS9VO63G8Xd4V46JhrgJErwnuxbnv0N9jU9jv0GonBbTqtbkP2x1C8Gu6sVUUFGQ7t3_JOB2RozQ6xhy1HxTZxWVWpFj8dyctqIASnNwS_zle58yylE6cNbAg5yURpDu8n1rMvYX66EICwe2aP1DO8t9PSPfOjrc3WsKM_7s7fNl_XXBmNOyPvzftzxZPohrpk6TDug9GRnLt_ruYKuxiuviA0qKw24QUgbwfG8ZqrUQe_tGO4FbwR_1tMuvWXzhkeG_vS3xrViMmINPk8lXI6JnsXcVaHR" style="line-height:inherit" target="_blank"><img alt="" width="100%" src="https://s3.images-iherb.com/cms/banners/mesitewidebanner0430_001en-us.jpg" style="line-height:inherit"></a></div> <p dir="ltr" style="font-size:14px;line-height:1.5;margin:0"><br style="line-height:inherit"> Dear iHerb Customer,<br style="line-height:inherit"> <br style="line-height:inherit"> Let’s wrap up our April <strong style="line-height:inherit">DAILY DEAL</strong>S with a big bang! Through this weekend only, enjoy a one-time <strong style="line-height:inherit">20% OFF SITEWIDE </strong>discount with the promo code <strong style="line-height:inherit">SAVEBIG20</strong>. Enter it at the checkout or click on the following link:<br style="line-height:inherit"> <br style="line-height:inherit"> <a href="https://links.iherb.com/u/click?_t=d4fb2f710e7148728863a4b7dcf38045&amp;_m=7a97c0cbd6f04277bd4aed5685285b0b&amp;_e=Wd0JIEh3DexJBcJZiFQctbfWJqzAbSrsO_XIS6JjLuUgPMIMr0y_X3gMRzN5UM-btYACswinLFE2K8DzejrwJpupHA_n3PrHBOS9VO63G8Xd4V46JhrgJErwnuxbnv0N9jU9jv0GonBbTqtbkP2x1C8Gu6sVUUFGQ7t3_JOB2RoI-KhCb6gBgoQHznX6WXl_cS0R1qmTx-G66_hmY8tp-q5Cjl2sAfWvJ0u97mtTMoP2zPINoVSz9fSn9wsp_JbzbBhxkCl7A7nQIteLKKJfzj6zGcQYahCD4H4NJVN6i6F5GlUUuqfHeB443ZPjYJzqWrJQVL0hfp441jA0rPjJ1jEq-SSqhmr_u95XBNz1xiP6GEbBOCAbpk6qxzQiHnVg" style="line-height:inherit" target="_blank"><span style="line-height:inherit;color:#0068a5">https://www.iherb.com/?pcode=SAVEBIG20&amp;rcode=BUY123</span></a><br style="line-height:inherit"> <br style="line-height:inherit"> Share this amazing offer with everyone you know!<br style="line-height:inherit"> <br style="line-height:inherit"> Sincerely,<br style="line-height:inherit"> The iHerb Team<br style="line-height:inherit"> <br style="line-height:inherit"> <em style="line-height:inherit"><span style="line-height:inherit;color:#e74c3c">Please note:</span> One-time use only. Exclusions apply. May not be combined with other offers. This offer ends 05/03/21 at 10:00 AM PT.</em><br style="line-height:inherit"> <br style="line-height:inherit"> <span style="line-height:inherit;color:#999999"><span style="line-height:inherit;font-size:12px">Brand exclusions: BioSil by Natural Factors, Bluebonnet Nutrition, Carlson Labs, DaVinci Laboratories of Vermont, Dr. Mercola, Earth Mama, Fungi Perfecti, Great Lakes Gelatin Co., Heather&#39;s Tummy Care, Little DaVinci, Metabolic Maintenance, Motherlove, NeuroScience, Nordic Naturals, Pixi Beauty, Solgar, Terry Naturally, Thayers, Thorne Research, Zhou Nutrition </span></span></p> </div> </div> </div> </div> </div> </div> </div> </div> <div style="line-height:inherit;background-color:transparent"> <div class="m_2762259359728655198block-grid" style="line-height:inherit;Margin:0 auto;min-width:320px;max-width:500px;word-wrap:break-word;word-break:break-word;background-color:#f5f5f5"> <div style="line-height:inherit;border-collapse:collapse;display:table;width:100%;background-color:#f5f5f5"> <div class="m_2762259359728655198col" style="line-height:inherit;min-width:320px;max-width:500px;display:table-cell;vertical-align:top;width:500px"> <div style="line-height:inherit;background-color:#f5f5f5;width:100%!important"> <div style="line-height:inherit;border-top:0px solid transparent;border-left:0px solid transparent;border-bottom:0px solid transparent;border-right:0px solid transparent;padding-top:20px;padding-bottom:5px;padding-right:0px;padding-left:0px"> <div style="color:#555555;font-family:Arial,Helvetica Neue,Helvetica,sans-serif;line-height:1.2;padding-top:10px;padding-right:10px;padding-bottom:10px;padding-left:10px"> <div style="font-family:Arial,Helvetica Neue,Helvetica,sans-serif;font-size:12px;line-height:1.2;color:#555555"> <p style="font-size:14px;line-height:1.2;text-align:center;word-break:break-word;font-family:Arial,Helvetica Neue,Helvetica,sans-serif;margin:0">To keep receiving emails from us, please add <span style="line-height:inherit;font-size:14px"><a rel="noopener" style="line-height:inherit;text-decoration:underline;color:#458500" href="mailto:promos@mail.iherb.com" target="_blank"><span style="line-height:inherit;color:#555555">promos@mail.iherb.com</span></a></span><span style="line-height:inherit;color:#458500;font-size:14px"> </span>to your address book.</p> </div> </div>  <div style="line-height:inherit;font-size:16px;text-align:center;font-family:Arial,&#39;Helvetica Neue&#39;,Helvetica,sans-serif"> <table cellpadding="0" cellspacing="0" style="line-height:inherit;table-layout:fixed;vertical-align:top;border-spacing:0;border-collapse:collapse" width="100%" valign="top"> <tbody style="line-height:inherit"> <tr style="line-height:inherit;border-collapse:collapse;vertical-align:top" valign="top"> <td style="line-height:inherit;border-collapse:collapse;word-break:break-word;vertical-align:top;padding-top:10px;padding-right:10px;padding-bottom:10px;padding-left:10px" valign="top"> <table align="center" cellpadding="0" cellspacing="0" style="line-height:inherit;table-layout:fixed;vertical-align:top;border-spacing:0;border-collapse:undefined" valign="top"> <tbody style="line-height:inherit"> <tr align="center" style="line-height:inherit;border-collapse:collapse;vertical-align:top;display:inline-block;text-align:center" valign="top"> <td style="line-height:inherit;border-collapse:collapse;word-break:break-word;vertical-align:top;padding-bottom:5px;padding-right:3px;padding-left:3px" valign="top"><a href="https://links.iherb.com/u/click?_t=d4fb2f710e7148728863a4b7dcf38045&amp;_m=7a97c0cbd6f04277bd4aed5685285b0b&amp;_e=Wd0JIEh3DexJBcJZiFQcta-_z8q7XG9WyhiTlpdJPFgeEYYMeyqa-i3bItBvjZdN4FF2g-Arm3Z0aL12SjNZgp9grs4IRe98NKZ_cg9mcKZCJTSwp5GI0MK--a4VfCLWZsG84-lh8axGA_Ua9GlPipeQXzGFsqh8KmLzxh0vpx_xVPIds7oEce-91CkqVWazj3yRA3TTKMVAyV4qCZOFI4MndBTtZbRyc8N5chgnx9fcSgj6lt4isVLRvOGoGDTSdw2idfyh8gqq8Ms5JKyD7LcgpPmRZPVxqSHH4WHvi7oZwngQc_DOAHQJC5B-0thBf4IgQok9QS54_hYFQAg0PgnVR66fS8Cs3ms11kD2ZCU%3D" style="line-height:inherit" target="_blank"><img alt="Facebook" height="16" style="line-height:inherit;text-decoration:none;height:auto;border:none;display:block" title="Facebook" width="16" src="https://s3.images-iherb.com/static/i/myaccount/emails/sns-facebook.png"></a></td> <td style="line-height:inherit;border-collapse:collapse;word-break:break-word;vertical-align:top;padding-bottom:5px;padding-right:3px;padding-left:3px;vertical-align:middle" valign="middle"><a href="https://links.iherb.com/u/click?_t=d4fb2f710e7148728863a4b7dcf38045&amp;_m=7a97c0cbd6f04277bd4aed5685285b0b&amp;_e=Wd0JIEh3DexJBcJZiFQctfHjmWafFvAZ-3V5lVzcIK1hXbuHyATVp4Q_3vaEIGi92FSMkj-9U-cW0Pw9qYiqALScakuSSqhsmTLdRcZiewwYUA83k6VhyVvAX9lHYmDKb8WWMsmVKlgzGCbZchPffh8Lb6QBtXDNNsbwYVSD0jFPiMgV87iT3XHEsmunjnljfoau8wEVnoARzDSuvHPcxuCae8ZjnjnvjPYQEvJN7kdXpdqviCGEgrEUZPu61zsu2M8t9elZn9fwYe9U7DwDQoO6hinwEfSzLE9XSViKmIh-WYpDNWGjKxGCpC0R0IKCE-KaXot3625fiosSN0ZQhMAeA3gkT-tvwD5kT3DFdh8%3D" style="line-height:inherit" target="_blank"><img alt="Twitter" height="13.4" style="line-height:inherit;text-decoration:none;height:auto;border:none;display:block" title="Twitter" width="16" src="https://s3.images-iherb.com/static/i/myaccount/emails/sns-twitter.png"></a></td> <td style="line-height:inherit;border-collapse:collapse;word-break:break-word;vertical-align:top;padding-bottom:5px;padding-right:3px;padding-left:3px;vertical-align:middle" valign="middle"><a href="https://links.iherb.com/u/click?_t=d4fb2f710e7148728863a4b7dcf38045&amp;_m=7a97c0cbd6f04277bd4aed5685285b0b&amp;_e=Wd0JIEh3DexJBcJZiFQctSMuB6ju6PNoujaubv8V64oV-ZLVDZg6Z0nrJJi0CnKV8AoOzWX4YlpCxY06B1Fyegl2Di3wkotPcC0uP4ldZcqIzmhhLGguphqf846YMu5Ge4kzaIPYpgZDGGqfjpOMX9bL6FkGXE-9MaXDGnxSImrgj8gA2TI5KNHwqaqp-PC-q6BVL6lti3Vz6Le98IHHO11iJp0ZSK5v1fTXeqwY0N4LfFq1OjRDBS6imwHnImIMMm3h2tK_HnZnPYfKeQtjJtFY5MCHYavJi02tQw5FCh4sCTL3o6zsoU9yHDwLQefxFKp5XYA2zI5xes11L_RtXwva4Fdm6DiHXK0o2Z9jgUI%3D" style="line-height:inherit" target="_blank"><img alt="YouTube" height="13.4" style="line-height:inherit;text-decoration:none;height:auto;border:none;display:block" title="YouTube" width="16" src="https://s3.images-iherb.com/static/i/myaccount/emails/sns-youtube.png"></a></td> <td style="line-height:inherit;border-collapse:collapse;word-break:break-word;vertical-align:top;padding-bottom:5px;padding-right:3px;padding-left:3px" valign="top"><a href="https://links.iherb.com/u/click?_t=d4fb2f710e7148728863a4b7dcf38045&amp;_m=7a97c0cbd6f04277bd4aed5685285b0b&amp;_e=Wd0JIEh3DexJBcJZiFQctbkDoMCsRHQPrLokyMn1ZYkocP5Ydjmbp7y-zPAAq-E05EFQ4-DZOlriICBU7Mm7AigETyNpiRzvJWlyzJ_NkUIv_NfHmEMV9DODZyhnHjyoeHfizbhmzy6fmBtzkSpV4-oG_BjRmY2wgA2boJJ7n_2m8J-z8AQr1_5v-TD8L8YFsM3xTYtcJDWavomR5qRechbxQ5BxRDF22ARf341FHi3UtFbYb9BhHysEUr8wIGZRDnCNwNwoxRuKe6l2_wEmZAOHQy4nGSjyZtFhywfFSigaC1ciV9JqI9nLxCcX1fL6hLDPEyHupEue6fJ4QLypAGVVqnkO4E3L0yyStrQk4X4%3D" style="line-height:inherit" target="_blank"><img alt="Pinterest" height="15.3" style="line-height:inherit;text-decoration:none;height:auto;border:none;display:block" title="Pinterest" width="15.3" src="https://s3.images-iherb.com/static/i/myaccount/emails/sns-pinterest.png"></a></td> <td style="line-height:inherit;border-collapse:collapse;word-break:break-word;vertical-align:top;padding-bottom:5px;padding-right:3px;padding-left:3px" valign="top"><a href="https://links.iherb.com/u/click?_t=d4fb2f710e7148728863a4b7dcf38045&amp;_m=7a97c0cbd6f04277bd4aed5685285b0b&amp;_e=Wd0JIEh3DexJBcJZiFQctUwgvovWWMOcUNIoA-Z4FOSJ_aak_1lAfip73Qn7Gq4ddWZbvkapVVhaSjfQfaKUyd1wj5DmXS6qbLRwYYInY83gwkbTu_IvahJGMPqelhWtpHCfzRU7Lx1e-QUtm4X7LqhzX-GJa3jAPOT0ojVmX6jtWgrFeBCaaM_mvydMbCApY48i4L5nt09kvKpEG86bgiIUX44L2JbtkgLdpFa5iYNAftPLo8WHTVC8t11EVs7tuCIKf81WDRi45X-CK3mTr9xi2JkJ-fYx8b91WEF6QZRHFOysJlJ7iAto8Hd-TSwmieWQxNcDm1FuENETFFNUHItcS5QhSVRhiIVjjPonCyI%3D" style="line-height:inherit" target="_blank"><img alt="Instagram" height="16" style="line-height:inherit;text-decoration:none;height:auto;border:none;display:block" title="Instagram" width="16" src="https://s3.images-iherb.com/static/i/myaccount/emails/sns-instagram.png"></a></td> </tr> </tbody> </table> </td> </tr> </tbody> </table> <table cellpadding="0" cellspacing="0" style="line-height:inherit;table-layout:fixed;vertical-align:top;border-spacing:0;border-collapse:collapse" width="100%" valign="top"> <tbody style="line-height:inherit"> <tr style="line-height:inherit;border-collapse:collapse;vertical-align:top" valign="top"> <td style="line-height:inherit;border-collapse:collapse;word-break:break-word;vertical-align:top;padding-top:10px;padding-right:10px;padding-bottom:10px;padding-left:10px" valign="top"> <table align="center" cellpadding="0" cellspacing="0" style="line-height:inherit;table-layout:fixed;vertical-align:top;border-spacing:0;border-collapse:undefined" valign="top"> <tbody style="line-height:inherit"> <tr align="center" style="line-height:inherit;border-collapse:collapse;vertical-align:top;display:inline-block;text-align:center" valign="top"> <td style="line-height:inherit;border-collapse:collapse;word-break:break-word;vertical-align:top;padding-bottom:5px;padding-right:3px;padding-left:3px" valign="top"><a href="https://links.iherb.com/u/click?_t=d4fb2f710e7148728863a4b7dcf38045&amp;_m=7a97c0cbd6f04277bd4aed5685285b0b&amp;_e=Wd0JIEh3DexJBcJZiFQctRJ7hWzBw4n8kU8FV_t0cCeVRH4ss3Yo7fKZeS0TngVfD8esHL3g0Bl2GQAqfjl1pBITawMzpRk5qaPOgp3HZOPrLwcDsVlOcEcmUFRBzL5XuLwLyadVo4Io3mUiCUCpiqCJDezDBZOMWei2iy5vv7q2FT9JhqbO5W5r-osZu0KVbvzp3KxGAx6bhhfNgMTSAYiB-LAwbDJ1IhPP4rTw4vWZHaiWxZeRvqRuKvxaYE8cq9Mk6C8w7JjxNld5_VUT6Tnv6ZLZBPKkXyGiOkY-HNe4o-LQI4DZp4R10MjB0FjB14_OK02gvniiEO9VSwFoPf1uNt86ewDdNXi_4vduB2yylcthPBjXdRfTn53rLhcKSG5vDXPC5yCZr2g841ElMQ%3D%3D" style="line-height:inherit" target="_blank"><img alt="Facebook" height="30" style="line-height:inherit;text-decoration:none;height:auto;border:none;display:block" title="Facebook" width="100" src="https://s3.images-iherb.com/static/i/myaccount/emails/combined-shape-apple.png"></a></td> <td style="line-height:inherit;border-collapse:collapse;word-break:break-word;vertical-align:top;padding-bottom:5px;padding-right:3px;padding-left:3px" valign="top"><a href="https://links.iherb.com/u/click?_t=d4fb2f710e7148728863a4b7dcf38045&amp;_m=7a97c0cbd6f04277bd4aed5685285b0b&amp;_e=Wd0JIEh3DexJBcJZiFQctROn1Fh0j3uxril3ZF3K-ZPEEUPz0FjXzjGXS6oGVgM2omgL50sI3JjTKaA_EbKIWtYydFn6YwXdwGwskr-ys6o9zKFUuLHd14eiNBw0KiW_zGT3UXCNNBKsLOHyHNTQ5fCL--0PUPsdWn4kaqVd1PlyBQ3C1gztTO6K8vSCXFOYXgVZ1oomhNZw7K-PC-gJl4gYz_EguLdym76ujWgk1RfLiSb-UUDEpcPIXRt4eltQ9VVdKZGiBV9EeLu2Jb5cKCz0iKqBwxplj6k_TfkybCGdoSrGWLiihq21U0fEAo-yiiUlEv3x2unpBETFs6scfuPc96Q1FRaC-mxGA-psL6AfeclXL7ys1z4ZELwo2U-YYSRyvxGUzSw3AyasTiKhxQ%3D%3D" style="line-height:inherit" target="_blank"><img alt="Twitter" height="30" style="line-height:inherit;text-decoration:none;height:auto;border:none;display:block" title="Twitter" width="100" src="https://s3.images-iherb.com/static/i/myaccount/emails/combined-shape-google.png"></a></td> </tr> </tbody> </table> </td> </tr> </tbody> </table> </div> </div> </div> </div> </div> </div> </div> <div style="line-height:inherit;background-color:transparent"> <div class="m_2762259359728655198block-grid" style="line-height:inherit;Margin:0 auto;min-width:320px;max-width:500px;word-wrap:break-word;word-break:break-word;background-color:#f5f5f5"> <div style="line-height:inherit;border-collapse:collapse;display:table;width:100%;background-color:#f5f5f5"> <div class="m_2762259359728655198col" style="line-height:inherit;min-width:320px;max-width:500px;display:table-cell;vertical-align:top;width:500px"> <div style="line-height:inherit;background-color:#f5f5f5;width:100%!important"> <div style="line-height:inherit;border-top:0px solid transparent;border-left:0px solid transparent;border-bottom:0px solid transparent;border-right:0px solid transparent;padding-top:5px;padding-bottom:5px;padding-right:0px;padding-left:0px"> <div style="line-height:inherit;font-size:16px;text-align:center;font-family:Arial,&#39;Helvetica Neue&#39;,Helvetica,sans-serif">  <div style="line-height:inherit;width:100%;vertical-align:top;background-color:#f5f5f5"> <table style="line-height:inherit;vertical-align:top;border-collapse:collapse;border-spacing:0;color:#333" width="100%;" valign="top"> <tbody style="line-height:inherit"> <tr style="line-height:inherit;vertical-align:top;border-collapse:collapse" valign="top"> <td style="line-height:inherit;vertical-align:top;border-collapse:collapse" valign="top"> <table style="line-height:inherit;vertical-align:top;border-collapse:collapse;border-spacing:0;color:#333;width:100%;font-size:16px" width="100%" valign="top"> <tbody style="line-height:inherit"> <tr style="line-height:inherit;vertical-align:top;border-collapse:collapse" valign="top"> <td style="line-height:inherit;vertical-align:top;border-collapse:collapse;padding:0;text-align:center" align="center" valign="top"><img alt="iHerb" height="20" width="64" src="https://d15k2d11r6t6rl.cloudfront.net/public/users/Integrators/669d5713-9b6a-46bb-bd7e-c542cff6dd6a/d4fb2f710e7148728863a4b7dcf38045/iHerb_FooterLogo_Gray.png" style="line-height:inherit"> <p style="text-decoration:none;min-width:268px;height:32px;font-size:12px;font-weight:400;font-style:normal;font-stretch:normal;line-height:1.33;letter-spacing:normal;color:#595959;font-size:10.5px;padding-top:4px;Margin-top:22px auto!important">© iHerb Inc.<br style="line-height:inherit"> 22780 Harley Knox Blvd, Perris, CA 92750 USA</p> </td> </tr> </tbody> </table> </td> </tr> </tbody> </table> </div> </div> </div> </div> </div> </div> </div> </div> <div style="line-height:inherit;background-color:transparent"> <div class="m_2762259359728655198block-grid" style="line-height:inherit;Margin:0 auto;min-width:320px;max-width:500px;word-wrap:break-word;word-break:break-word;background-color:#f5f5f5"> <div style="line-height:inherit;border-collapse:collapse;display:table;width:100%;background-color:#f5f5f5"> <div class="m_2762259359728655198col" style="line-height:inherit;min-width:320px;max-width:500px;display:table-cell;vertical-align:top;width:500px"> <div style="line-height:inherit;background-color:#f5f5f5;width:100%!important"> <div style="line-height:inherit;border-top:0px solid transparent;border-left:0px solid transparent;border-bottom:0px solid transparent;border-right:0px solid transparent;padding-top:10px;padding-bottom:10px;padding-right:10px;padding-left:10px"> <div style="color:#555555;font-family:Arial,&#39;Helvetica Neue&#39;,Helvetica,sans-serif;line-height:1.2;padding-top:0px;padding-right:0px;padding-bottom:0px;padding-left:0px"> <div style="font-family:Arial,&#39;Helvetica Neue&#39;,Helvetica,sans-serif;font-size:12px;line-height:1.2;color:#555555"> <p style="font-size:12px;line-height:1.2;text-align:center;margin:0"><span style="line-height:inherit;font-size:12px"><span style="line-height:inherit;color:#333333;font-size:12px"><a rel="noopener" style="line-height:inherit;text-decoration:underline;color:#333333" href="https://links.iherb.com/e/eh?_t=d4fb2f710e7148728863a4b7dcf38045&amp;_m=7a97c0cbd6f04277bd4aed5685285b0b&amp;_e=Wd0JIEh3DexJBcJZiFQctbvDOi-Xo99hH5S7KO9XloIVH_rdOPEe5tkw8yedSllVNvy9GUQMctVPGSWyvAg7WW5r5wlHFPC-eKqex9whXUlumRmYTQ4iIgqcrHEnu4BQLQxv83gNucX0smc_PXrX0ZJBw67ZkXmmqqL7-RuluwWfIBTjh0j0PlmxDlyUZo9YpuDfmW3ukZd8SDgDu2mTP4v6mY9IdQqKcdINFCFsnzA6m-XPGSPpTdh5pKOkrHRQOAbZ5mT8osX2zn0LHDuLUs-ouPGJ2iiGEapxW7uFD1O4vSEVpgSL_Vc-T81vd5BTtEFtYpjcBgSpGUaLlVsYMdzfpAFzJN-saYgB64JiubL0nSs8A1Giq9GzxeajeWSIARBcevBuSAeOkbqp4WxzkbClctYGqDD-PSmN-QU-nmQ%3D" target="_blank">Unsubscribe</a> |  <a rel="noopener" style="line-height:inherit;text-decoration:underline;color:#333333" title="Blog" href="https://links.iherb.com/u/click?_t=d4fb2f710e7148728863a4b7dcf38045&amp;_m=7a97c0cbd6f04277bd4aed5685285b0b&amp;_e=Wd0JIEh3DexJBcJZiFQctfnkbRxbe3-a2oNqBiuoCYDI9KgA8_1rDwikyW4e0Yyk1u5RKEYH8yu34JwxZ_ZcMqTfTC3mTduU10fY-JlrEJ3DtuX8oxzYUiEnh1yqpUt9Ojt3gHHwjKlzKoyvPIEDK2AoN7glCCrdboJMsXqjpNYxb5NvgGBZ9VDtki5Jv4Df0ijhgFe-ChF1gso13Y8t3fotYiav_JdqfdxTXr0q5gch6jIRogmwjpzrQ3voc8X4hRhGJVbEPaxMqIExew0ZpI2OxWCwT2JJH394TgH9510p1-mRskU7aSq-1WYTp1xDjEcyPNYWZjISX6uRNIE7s3eYUAzxPXLfWMjQPU7z2r8%3D" target="_blank">Blog</a> |  <a rel="noopener" style="line-height:inherit;text-decoration:underline;color:#333333" title="Contact" href="https://links.iherb.com/u/click?_t=d4fb2f710e7148728863a4b7dcf38045&amp;_m=7a97c0cbd6f04277bd4aed5685285b0b&amp;_e=Wd0JIEh3DexJBcJZiFQctbvDOi-Xo99hH5S7KO9XloK8TyepT9avu2xFmD41F-lGIcELTT9jInLe-n4ASID62TkNbBXP0apXq1PzVLlAcTs_0D_PmvJKt29WOlCygakMe9smzubgurknoPM1gqX1sWhczP21HDP0Sz3y_IV1lvXwe9ZT_FtlgoOMH7LLhVvhSXG8tzgEcpbELJ_ej-TQ6_CbGvqEaGrj_k9PxPuMy3n9d2GX-UKHifrN6C33vhHJHK4naGTXNUtz_tQPSYzBNEcF6lSnAJbqXWftdQLilyp3GyB7SrRjdnvQdJmIppVw0AeNL1ABVUJHIisfRa_qlwjIyBC-duRvsrgRzQpyEOuPe-I1wQCJC9HcW3FMtbFM" target="_blank">Contact</a> |  <a rel="noopener" style="line-height:inherit;text-decoration:underline;color:#333333" title="Privacy" href="https://links.iherb.com/u/click?_t=d4fb2f710e7148728863a4b7dcf38045&amp;_m=7a97c0cbd6f04277bd4aed5685285b0b&amp;_e=Wd0JIEh3DexJBcJZiFQctYByO9gWDoRO5nIgHFzfPnfxgTRdvndtACFJbALp0Rkllui9YPs3hTSuHBXyHkq7AKgs8tN7zzojGuuD5O_Sdc3R8xCM3nZCJoolOe9G8YC6vI9WIn1cFTC0gzwpC6wI4wyecu2UT0dpWS4lHdaJ3crCfbvKn8fK5BIqi4fISwLSMfAgLYfX9pHMEcqO4yeBIG46DI7Rmlh_sGDOjVKxAAxISX4D0XoMxfh7uQv5XI4mbVwFBn7_unNgvyyXrLwJiq2i89lynJ6QbMylm1ZAbhR7oSpPq2FvfXnw4e3n7cKPXLSam4ZcYFvsU_w9yWD9mZXOhzL0eNEZ89iRbTTe01ExY36vJXSF_wtqiOQARRqx" target="_blank">Privacy </a></span></span></p> </div> </div> </div> </div> </div> </div> </div> </div> <div style="line-height:inherit;background-color:transparent"> <div class="m_2762259359728655198block-grid" style="line-height:inherit;Margin:0 auto;min-width:320px;max-width:500px;word-wrap:break-word;word-break:break-word;background-color:#f5f5f5"> <div style="line-height:inherit;border-collapse:collapse;display:table;width:100%;background-color:#f5f5f5"> <div class="m_2762259359728655198col" style="line-height:inherit;min-width:320px;max-width:500px;display:table-cell;vertical-align:top;width:500px"> <div style="line-height:inherit;background-color:#f5f5f5;width:100%!important"> <div style="line-height:inherit;border-top:0px solid transparent;border-left:0px solid transparent;border-bottom:0px solid transparent;border-right:0px solid transparent;padding-top:0px;padding-bottom:0px;padding-right:0px;padding-left:0px"> <div style="color:#555555;font-family:Arial,&#39;Helvetica Neue&#39;,Helvetica,sans-serif;line-height:1.5;padding-top:10px;padding-right:40px;padding-bottom:10px;padding-left:40px"> <div style="font-family:Arial,&#39;Helvetica Neue&#39;,Helvetica,sans-serif;font-size:12px;line-height:1.5;color:#555555"> <p style="font-size:11px;line-height:1.5;text-align:center;margin:0"><span style="line-height:inherit;font-size:11px;color:#808080"><span style="line-height:inherit;font-size:11px">Disclaimer:</span> Statements made, or products sold through <a rel="noopener" style="line-height:inherit;text-decoration:underline;color:#808080" title="iHerb.com" href="https://links.iherb.com/u/click?_t=d4fb2f710e7148728863a4b7dcf38045&amp;_m=7a97c0cbd6f04277bd4aed5685285b0b&amp;_e=Wd0JIEh3DexJBcJZiFQctRz86YYQqJBsvJpdP5Uc7ZhMb7RI7Nb_RXiAcHPnvrGWDECpik-umZptJ83jeezrIyepPA1Mea_-J8ZJYtuN-gdHxGqkOemFE8y2eQGR0vX0FZD6ofSkkPFC1z6CUyapWbUVChp9vusb22Kbqm1uoSzE5-VwlaUSO2pewRaKodZaYsuoaCQVGwiWxwFOwAsbOTEBVe1Fo1_iu0fg_raDP1jKbOi4kjFlBePPckU6cWO_MXG9C6q-1CSBIGfJrlLmOe7ZqqUHLzSS_pMZm0e8kDxkL6oijytAi2299aJ7RbZEyZXig1_NQ2qZeLKwyniHHalCvAbp6fvCqmoXE5Eljqw%3D" target="_blank">iHerb.com</a><span style="line-height:inherit;font-size:11px"><span style="line-height:inherit;font-size:11px">, have not been evaluated by the Food and Drug Administration. They are not intended to diagnose, treat, cure, or prevent disease.</span></span></span></p> <p style="font-size:11px;line-height:1.5;text-align:center;margin:0"><span style="line-height:inherit;font-size:11px;color:#808080"><a rel="noopener" style="line-height:inherit;text-decoration:underline;color:#808080" title="Read More" href="https://links.iherb.com/u/click?_t=d4fb2f710e7148728863a4b7dcf38045&amp;_m=7a97c0cbd6f04277bd4aed5685285b0b&amp;_e=Wd0JIEh3DexJBcJZiFQctYByO9gWDoRO5nIgHFzfPnfI5RswWMqpEofT9d2leT68H6ZJ_aHn8sErHR78PvegOjCaHKlwv3vVRiaePIu93_E8P015MxitAQMdgU89veWbJ0k8dRpJCmtS0vErdLhTuoj8FcfIlO32H7GoEtAkRESvYOkQQubOwsPiX82VR1VY11OO6RzUo97V_7cb_rZHiR2KUH4Ou1lKDVOTpHS81AxLBu1ct5lODJm6DrCo8hyv9f4XEN41KO5aJYXukFdVM4PAwsoloLBDDtnw1bqUrvF8LOjHIC4IDvTX8sCwH2cCrOWc_B8YxR3JGl9N_0HKso_ep_frecAV-Uye2LQF63o%3D" target="_blank">Read More</a></span></p> </div> </div> </div> </div> </div> </div> </div> </div> </td> </tr> </tbody> </table> </div> </div></div>
